[t.commonsupport.com/woodex/index39e2.html]
[backblue.gif]
[fade.gif]
[index.html]
[t.commonsupport.com/woodex/css/bootstrap.css]
[t.commonsupport.com/woodex/plugins/revolution/css/settings.css]
[t.commonsupport.com/woodex/plugins/revolution/css/layers.css]
[t.commonsupport.com/woodex/plugins/revolution/css/navigation.css]
[t.commonsupport.com/woodex/css/style.css]
[t.commonsupport.com/woodex/css/responsive.css]
[t.commonsupport.com/woodex/css/color-switcher-design.css]
[t.commonsupport.com/woodex/css/color-themes/default-theme.css]
[t.commonsupport.com/woodex/images/favicon.png]
[t.commonsupport.com/woodex/index.html]
[t.commonsupport.com/woodex/images/logo.png]
[t.commonsupport.com/woodex/index-2.html]
[t.commonsupport.com/woodex/index-3.html]
[t.commonsupport.com/woodex/about.html]
[t.commonsupport.com/woodex/team.html]
[t.commonsupport.com/woodex/faq.html]
[t.commonsupport.com/woodex/testimonial.html]
[t.commonsupport.com/woodex/comming-soon.html]
[t.commonsupport.com/woodex/services.html]
[t.commonsupport.com/woodex/handmade-furniture.html]
[t.commonsupport.com/woodex/general-carpentry.html]
[t.commonsupport.com/woodex/harwood-flooring.html]
[t.commonsupport.com/woodex/celling-roofing.html]
[t.commonsupport.com/woodex/office-renovation.html]
[t.commonsupport.com/woodex/kitchen-modeling.html]
[t.commonsupport.com/woodex/wooden-self.html]
[t.commonsupport.com/woodex/outdoor-design.html]
[t.commonsupport.com/woodex/projects.html]
[t.commonsupport.com/woodex/projects-fullwidth.html]
[t.commonsupport.com/woodex/blog.html]
[t.commonsupport.com/woodex/blog-classic.html]
[t.commonsupport.com/woodex/blog-single.html]
[t.commonsupport.com/woodex/error-page.html]
[t.commonsupport.com/woodex/shop.html]
[t.commonsupport.com/woodex/shop-single.html]
[t.commonsupport.com/woodex/shoping-cart.html]
[t.commonsupport.com/woodex/checkout.html]
[t.commonsupport.com/woodex/contact.html]
[t.commonsupport.com/woodex/images/main-slider/image-1.jpg]
[t.commonsupport.com/woodex/images/main-slider/image-2.jpg]
[t.commonsupport.com/woodex/images/main-slider/image-3.jpg]
[t.commonsupport.com/woodex/images/resource/services-1.jpg]
[t.commonsupport.com/woodex/images/resource/services-2.jpg]
[t.commonsupport.com/woodex/images/resource/services-3.jpg]
[t.commonsupport.com/woodex/images/resource/services-4.jpg]
[t.commonsupport.com/woodex/images/resource/image-1.png]
[t.commonsupport.com/woodex/images/resource/author-1.jpg]
[t.commonsupport.com/woodex/images/resource/signature.jpg]
[t.commonsupport.com/woodex/images/gallery/1.jpg]
[t.commonsupport.com/woodex/images/gallery/2.jpg]
[t.commonsupport.com/woodex/images/gallery/3.jpg]
[t.commonsupport.com/woodex/images/gallery/4.jpg]
[t.commonsupport.com/woodex/images/gallery/5.jpg]
[t.commonsupport.com/woodex/images/resource/quote-1.jpg]
[t.commonsupport.com/woodex/images/resource/quote-2.jpg]
[t.commonsupport.com/woodex/images/background/1.jpg]
[t.commonsupport.com/woodex/images/resource/news-1.jpg]
[t.commonsupport.com/woodex/images/resource/news-2.jpg]
[t.commonsupport.com/woodex/images/clients/1.png]
[t.commonsupport.com/woodex/images/clients/2.png]
[t.commonsupport.com/woodex/images/clients/3.png]
[t.commonsupport.com/woodex/images/clients/4.png]
[t.commonsupport.com/woodex/images/background/2.jpg]
[t.commonsupport.com/woodex/images/footer-logo.png]
[t.commonsupport.com/woodex/css/color-themes/teal-theme.css]
[t.commonsupport.com/woodex/css/color-themes/green-theme.css]
[t.commonsupport.com/woodex/css/color-themes/pink-theme.css]
[t.commonsupport.com/woodex/css/color-themes/blue-theme.css]
[t.commonsupport.com/woodex/css/color-themes/orange-theme.css]
[t.commonsupport.com/woodex/css/color-themes/olive-theme.css]
[t.commonsupport.com/woodex/css/color-themes/lime-theme.css]
[t.commonsupport.com/woodex/plugins/revolution/js/jquery.themepunch.revolution.min.js]
[t.commonsupport.com/woodex/js/jquery.js]
[t.commonsupport.com/woodex/plugins/revolution/js/extensions/revolution.extension.actions.min.js]
[t.commonsupport.com/woodex/plugins/revolution/js/extensions/revolution.extension.carousel.min.js]
[t.commonsupport.com/woodex/plugins/revolution/js/jquery.themepunch.tools.min.js]
[t.commonsupport.com/woodex/plugins/revolution/js/extensions/revolution.extension.kenburn.min.js]
[t.commonsupport.com/woodex/plugins/revolution/js/extensions/revolution.extension.layeranimation.min.js]
[t.commonsupport.com/woodex/plugins/revolution/js/extensions/revolution.extension.migration.min.js]
[t.commonsupport.com/woodex/plugins/revolution/js/extensions/revolution.extension.navigation.min.js]
[t.commonsupport.com/woodex/plugins/revolution/js/extensions/revolution.extension.parallax.min.js]
[t.commonsupport.com/woodex/plugins/revolution/js/extensions/revolution.extension.slideanims.min.js]
[t.commonsupport.com/woodex/plugins/revolution/js/extensions/revolution.extension.video.min.js]
[t.commonsupport.com/woodex/js/main-slider-script.js]
[t.commonsupport.com/woodex/js/bootstrap.min.js]
[t.commonsupport.com/woodex/js/jquery.fancybox.pack.js]
[t.commonsupport.com/woodex/js/jquery.fancybox-media.js]
[t.commonsupport.com/woodex/js/owl.js]
[t.commonsupport.com/woodex/js/wow.js]
[t.commonsupport.com/woodex/js/appear.js]
[t.commonsupport.com/woodex/js/script.js]
[t.commonsupport.com/woodex/js/color-settings.js]
[t.commonsupport.com/woodex/index39e2.html]
[t.commonsupport.com/woodex/fonts/glyphicons-halflings-regular.eot]
[t.commonsupport.com/woodex/fonts/glyphicons-halflings-regular.woff2]
[t.commonsupport.com/woodex/fonts/glyphicons-halflings-regular.woff]
[t.commonsupport.com/woodex/fonts/glyphicons-halflings-regular.ttf]
[t.commonsupport.com/woodex/css/bootstrap.css]
[t.commonsupport.com/woodex/fonts/glyphicons-halflings-regular.svg]
[t.commonsupport.com/woodex/fonts/glyphicons-halflings-regulard41d.eot]
[t.commonsupport.com/woodex/plugins/revolution/fonts/revicons/revicons90c6.eot]
[t.commonsupport.com/woodex/plugins/revolution/fonts/revicons/revicons90c6.woff]
[t.commonsupport.com/woodex/plugins/revolution/fonts/revicons/revicons90c6.ttf]
[t.commonsupport.com/woodex/plugins/revolution/fonts/revicons/revicons90c6.svg]
[t.commonsupport.com/woodex/plugins/revolution/assets/gridtile.png]
[t.commonsupport.com/woodex/plugins/revolution/assets/gridtile_white.png]
[t.commonsupport.com/woodex/plugins/revolution/assets/gridtile_3x3.png]
[t.commonsupport.com/woodex/plugins/revolution/assets/gridtile_3x3_white.png]
[t.commonsupport.com/woodex/plugins/revolution/assets/coloredbg.png]
[t.commonsupport.com/woodex/plugins/revolution/assets/loader.gif]
[t.commonsupport.com/woodex/plugins/revolution/css/settings.css]
[t.commonsupport.com/woodex/plugins/revolution/css/layers.css]
[t.commonsupport.com/woodex/plugins/revolution/css/navigation.css]
[t.commonsupport.com/woodex/css/font-awesome.css]
[t.commonsupport.com/woodex/css/flaticon.css]
[t.commonsupport.com/woodex/css/animate.css]
[t.commonsupport.com/woodex/css/owl.css]
[t.commonsupport.com/woodex/css/jquery.fancybox.css]
[t.commonsupport.com/woodex/css/jquery.bootstrap-touchspin.css]
[t.commonsupport.com/woodex/css/jquery.mCustomScrollbar.min.css]
[t.commonsupport.com/woodex/images/icons/preloader.svg]
[t.commonsupport.com/woodex/images/icons/icon-cross.png]
[t.commonsupport.com/woodex/images/background/3.jpg]
[t.commonsupport.com/woodex/images/icons/icon-select.png]
[t.commonsupport.com/woodex/css/style.css]
[t.commonsupport.com/woodex/css/responsive.css]
[t.commonsupport.com/woodex/images/icons/tick.png]
[t.commonsupport.com/woodex/css/color-switcher-design.css]
[t.commonsupport.com/woodex/css/color-themes/default-theme.css]
[t.commonsupport.com/woodex/index.html]
[t.commonsupport.com/woodex/images/logo-small.png]
[t.commonsupport.com/woodex/images/main-slider/image-4.jpg]
[t.commonsupport.com/woodex/images/main-slider/image-5.jpg]
[t.commonsupport.com/woodex/images/main-slider/image-6.jpg]
[t.commonsupport.com/woodex/images/resource/image-2.png]
[t.commonsupport.com/woodex/images/resource/image-3.jpg]
[t.commonsupport.com/woodex/images/gallery/6.jpg]
[t.commonsupport.com/woodex/images/gallery/7.jpg]
[t.commonsupport.com/woodex/images/gallery/8.jpg]
[t.commonsupport.com/woodex/images/gallery/9.jpg]
[t.commonsupport.com/woodex/images/gallery/10.jpg]
[t.commonsupport.com/woodex/images/background/4.jpg]
[t.commonsupport.com/woodex/images/resource/team-1.jpg]
[t.commonsupport.com/woodex/therapists-single.html]
[t.commonsupport.com/woodex/images/resource/team-2.jpg]
[t.commonsupport.com/woodex/images/resource/team-3.jpg]
[t.commonsupport.com/woodex/images/resource/team-4.jpg]
[t.commonsupport.com/woodex/images/icons/map-marker.png]
[t.commonsupport.com/woodex/images/background/5.jpg]
[t.commonsupport.com/woodex/images/clients/5.png]
[t.commonsupport.com/woodex/images/clients/6.png]
[t.commonsupport.com/woodex/images/clients/7.png]
[t.commonsupport.com/woodex/images/clients/8.png]
[t.commonsupport.com/woodex/index-2.html]
[t.commonsupport.com/woodex/images/logo-2.png]
[t.commonsupport.com/woodex/js/map-script.js]
[t.commonsupport.com/woodex/images/logo-small-2.png]
[t.commonsupport.com/woodex/images/main-slider/image-7.jpg]
[t.commonsupport.com/woodex/images/main-slider/image-8.jpg]
[t.commonsupport.com/woodex/images/main-slider/image-9.jpg]
[t.commonsupport.com/woodex/images/resource/image-4.jpg]
[t.commonsupport.com/woodex/images/resource/signature-1.png]
[t.commonsupport.com/woodex/index-3.html]
[t.commonsupport.com/woodex/images/background/6.jpg]
[t.commonsupport.com/woodex/about.html]
[t.commonsupport.com/woodex/images/resource/workshop.jpg]
[t.commonsupport.com/woodex/images/resource/team-5.jpg]
[t.commonsupport.com/woodex/images/resource/team-6.jpg]
[t.commonsupport.com/woodex/images/resource/team-7.jpg]
[t.commonsupport.com/woodex/images/resource/team-8.jpg]
[t.commonsupport.com/woodex/images/resource/team-9.jpg]
[t.commonsupport.com/woodex/images/resource/team-10.jpg]
[t.commonsupport.com/woodex/images/resource/team-11.jpg]
[t.commonsupport.com/woodex/team.html]
[t.commonsupport.com/woodex/faq.html]
[t.commonsupport.com/woodex/js/mixitup.js]
[t.commonsupport.com/woodex/images/resource/author-3.jpg]
[t.commonsupport.com/woodex/testimonial.html]
[t.commonsupport.com/woodex/images/resource/author-4.jpg]
[t.commonsupport.com/woodex/images/background/8.jpg]
[t.commonsupport.com/woodex/comming-soon.html]
[t.commonsupport.com/woodex/images/resource/services-7.jpg]
[t.commonsupport.com/woodex/js/jquery.countdown.js]
[t.commonsupport.com/woodex/images/resource/services-8.jpg]
[t.commonsupport.com/woodex/images/resource/services-9.jpg]
[t.commonsupport.com/woodex/images/resource/services-10.jpg]
[t.commonsupport.com/woodex/images/resource/services-11.jpg]
[t.commonsupport.com/woodex/images/resource/services-12.jpg]
[t.commonsupport.com/woodex/images/resource/services-13.jpg]
[t.commonsupport.com/woodex/services.html]
[t.commonsupport.com/woodex/images/resource/services-14.jpg]
[t.commonsupport.com/woodex/images/resource/services-15.jpg]
[t.commonsupport.com/woodex/images/resource/services-16.jpg]
[t.commonsupport.com/woodex/images/resource/services-17.jpg]
[t.commonsupport.com/woodex/handmade-furniture.html]
[t.commonsupport.com/woodex/images/resource/services-18.jpg]
[t.commonsupport.com/woodex/images/resource/services-19.jpg]
[t.commonsupport.com/woodex/images/resource/services-20.jpg]
[t.commonsupport.com/woodex/general-carpentry.html]
[t.commonsupport.com/woodex/images/resource/services-21.jpg]
[t.commonsupport.com/woodex/images/resource/services-22.jpg]
[t.commonsupport.com/woodex/harwood-flooring.html]
[t.commonsupport.com/woodex/images/resource/services-23.jpg]
[t.commonsupport.com/woodex/images/resource/services-24.jpg]
[t.commonsupport.com/woodex/images/resource/services-25.jpg]
[t.commonsupport.com/woodex/celling-roofing.html]
[t.commonsupport.com/woodex/images/resource/services-26.jpg]
[t.commonsupport.com/woodex/images/resource/services-27.jpg]
[t.commonsupport.com/woodex/office-renovation.html]
[t.commonsupport.com/woodex/images/resource/services-28.jpg]
[t.commonsupport.com/woodex/images/resource/services-29.jpg]
[t.commonsupport.com/woodex/images/resource/services-30.jpg]
[t.commonsupport.com/woodex/kitchen-modeling.html]
[t.commonsupport.com/woodex/images/resource/services-31.jpg]
[t.commonsupport.com/woodex/images/resource/services-32.jpg]
[t.commonsupport.com/woodex/wooden-self.html]
[t.commonsupport.com/woodex/images/resource/services-33.jpg]
[t.commonsupport.com/woodex/images/resource/services-34.jpg]
[t.commonsupport.com/woodex/images/resource/services-35.jpg]
[t.commonsupport.com/woodex/outdoor-design.html]
[t.commonsupport.com/woodex/images/gallery/11.jpg]
[t.commonsupport.com/woodex/images/gallery/12.jpg]
[t.commonsupport.com/woodex/images/gallery/13.jpg]
[t.commonsupport.com/woodex/images/gallery/14.jpg]
[t.commonsupport.com/woodex/images/gallery/15.jpg]
[t.commonsupport.com/woodex/images/gallery/16.jpg]
[t.commonsupport.com/woodex/images/gallery/17.jpg]
[t.commonsupport.com/woodex/images/gallery/18.jpg]
[t.commonsupport.com/woodex/projects.html]
[t.commonsupport.com/woodex/images/gallery/19.jpg]
[t.commonsupport.com/woodex/images/gallery/20.jpg]
[t.commonsupport.com/woodex/images/gallery/21.jpg]
[t.commonsupport.com/woodex/images/gallery/22.jpg]
[t.commonsupport.com/woodex/images/gallery/23.jpg]
[t.commonsupport.com/woodex/images/gallery/24.jpg]
[t.commonsupport.com/woodex/images/gallery/25.jpg]
[t.commonsupport.com/woodex/images/gallery/26.jpg]
[t.commonsupport.com/woodex/images/gallery/27.jpg]
[t.commonsupport.com/woodex/projects-fullwidth.html]
[t.commonsupport.com/woodex/images/gallery/28.jpg]
[t.commonsupport.com/woodex/images/resource/news-3.jpg]
[t.commonsupport.com/woodex/images/resource/news-4.jpg]
[t.commonsupport.com/woodex/images/resource/news-5.jpg]
[t.commonsupport.com/woodex/images/resource/news-6.jpg]
[t.commonsupport.com/woodex/images/resource/news-7.jpg]
[t.commonsupport.com/woodex/images/resource/news-8.jpg]
[t.commonsupport.com/woodex/images/resource/news-9.jpg]
[t.commonsupport.com/woodex/blog.html]
[t.commonsupport.com/woodex/images/resource/news-10.jpg]
[t.commonsupport.com/woodex/images/resource/news-11.jpg]
[t.commonsupport.com/woodex/images/resource/news-12.jpg]
[t.commonsupport.com/woodex/images/resource/news-13.jpg]
[t.commonsupport.com/woodex/images/resource/news-14.jpg]
[t.commonsupport.com/woodex/images/resource/news-15.jpg]
[t.commonsupport.com/woodex/images/resource/post-thumb-1.jpg]
[t.commonsupport.com/woodex/images/resource/post-thumb-2.jpg]
[t.commonsupport.com/woodex/images/resource/post-thumb-3.jpg]
[t.commonsupport.com/woodex/blog-classic.html]
[t.commonsupport.com/woodex/images/resource/post-thumb-4.jpg]
[t.commonsupport.com/woodex/images/resource/author-2.jpg]
[t.commonsupport.com/woodex/blog-single.html]
[t.commonsupport.com/woodex/images/background/7.jpg]
[t.commonsupport.com/woodex/error-page.html]
[t.commonsupport.com/woodex/images/background/9.jpg]
[t.commonsupport.com/woodex/images/resource/product.png]
[t.commonsupport.com/woodex/images/resource/products/1.jpg]
[t.commonsupport.com/woodex/images/resource/products/2.jpg]
[t.commonsupport.com/woodex/images/resource/products/3.jpg]
[t.commonsupport.com/woodex/images/resource/products/4.jpg]
[t.commonsupport.com/woodex/images/resource/products/5.jpg]
[t.commonsupport.com/woodex/images/resource/products/6.jpg]
[t.commonsupport.com/woodex/images/resource/products/7.jpg]
[t.commonsupport.com/woodex/images/resource/products/8.jpg]
[t.commonsupport.com/woodex/images/background/10.jpg]
[t.commonsupport.com/woodex/images/resource/products/9.jpg]
[t.commonsupport.com/woodex/images/resource/products/10.jpg]
[t.commonsupport.com/woodex/shop.html]
[t.commonsupport.com/woodex/images/resource/products/11.jpg]
[t.commonsupport.com/woodex/shop-single.html]
[t.commonsupport.com/woodex/js/jquery.bootstrap-touchspin.js]
[t.commonsupport.com/woodex/images/resource/products/12.jpg]
[t.commonsupport.com/woodex/shoping-cart.html]
[t.commonsupport.com/woodex/checkout.html]
[t.commonsupport.com/woodex/contact.html]
[t.commonsupport.com/woodex/css/color-themes/teal-theme.css]
[t.commonsupport.com/woodex/css/color-themes/green-theme.css]
[t.commonsupport.com/woodex/css/color-themes/pink-theme.css]
[t.commonsupport.com/woodex/css/color-themes/blue-theme.css]
[t.commonsupport.com/woodex/css/color-themes/orange-theme.css]
[t.commonsupport.com/woodex/css/color-themes/olive-theme.css]
[t.commonsupport.com/woodex/css/color-themes/lime-theme.css]
[t.commonsupport.com/woodex/fonts/glyphicons-halflings-regular.svg]
[t.commonsupport.com/woodex/plugins/revolution/fonts/revicons/revicons90c6.svg]
[t.commonsupport.com/woodex/plugins/revolution/css/openhand.html]
[t.commonsupport.com/woodex/plugins/revolution/css/closedhand.html]
[t.commonsupport.com/woodex/js/validate.js]
[t.commonsupport.com/woodex/fonts/fontawesome-webfont914c.eot]
[t.commonsupport.com/woodex/fonts/fontawesome-webfont914c.woff2]
[t.commonsupport.com/woodex/fonts/fontawesome-webfontd41d.eot]
[t.commonsupport.com/woodex/fonts/fontawesome-webfont914c.woff]
[t.commonsupport.com/woodex/fonts/fontawesome-webfont914c.ttf]
[t.commonsupport.com/woodex/css/font-awesome.css]
[t.commonsupport.com/woodex/fonts/fontawesome-webfont914c.svg]
[t.commonsupport.com/woodex/fonts/flaticon.woff]
[t.commonsupport.com/woodex/fonts/flaticon.eot]
[t.commonsupport.com/woodex/fonts/flaticond41d.eot]
[t.commonsupport.com/woodex/fonts/flaticon.ttf]
[t.commonsupport.com/woodex/css/flaticon.css]
[t.commonsupport.com/woodex/css/animate.css]
[t.commonsupport.com/woodex/css/owl.video.play.png]
[t.commonsupport.com/woodex/css/owl.css]
[t.commonsupport.com/woodex/images/fancybox/fancybox_sprite.png]
[t.commonsupport.com/woodex/fonts/flaticon.svg]
[t.commonsupport.com/woodex/images/fancybox/fancybox_loading.gif]
[t.commonsupport.com/woodex/images/fancybox/blank.gif]
[t.commonsupport.com/woodex/images/fancybox/fancybox_overlay.png]
[t.commonsupport.com/woodex/images/fancybox/fancybox_sprite@2x.png]
[t.commonsupport.com/woodex/images/fancybox/fancybox_loading@2x.gif]
[t.commonsupport.com/woodex/css/jquery.fancybox.css]
[t.commonsupport.com/woodex/css/jquery.bootstrap-touchspin.css]
[t.commonsupport.com/woodex/css/mCSB_buttons.html]
[t.commonsupport.com/woodex/css/jquery.mCustomScrollbar.min.css]
[t.commonsupport.com/woodex/images/icons/preloader.svg]
[t.commonsupport.com/woodex/therapists-single.html]
[t.commonsupport.com/woodex/fonts/fontawesome-webfont914c.svg]
[t.commonsupport.com/woodex/fonts/flaticon.svg]
[t.commonsupport.com/woodex/css/owl.video.play.html]
[t.commonsupport.com/woodex/css/mCSB_buttons.html]
